Plot saved to: Data/Sylvia/shape_projection.png
3D HTML plot saved to: Data/Sylvia/shape_3d.html
==========================
The name of the asteroid: Sylvia
the considered mass is: 1.4692e+19
the considered density is: 1.373

Vertices: 402
Faces: 800

===== Centering Mesh =====
Original center of mass: [ 3.79516764e-12 -2.57501382e-11  6.19035662e-12]
New center of mass: [ 3.79516764e-12 -2.57501382e-11  6.19035662e-12]
✔ Mesh successfully recentered: center of mass is now at the origin (0, 0, 0).
=================================


===== Mesh Rescaling Report =====
Original mesh volume        : 1.070062e+07
Reference volume (M/rho)    : 1.070066e+07
Scaling factor applied      : 1.000001e+00
Rescaled mesh volume        : 1.070066e+07
Relative error              : 5.222e-16
=================================


===================================================
 Principal Axes Transformation Report
===================================================

Original principal axes (columns = eigenvectors):
[[ 1.00000000e+00 -8.25781435e-12  5.54782646e-13]
 [ 8.25781435e-12  1.00000000e+00 -1.79416065e-11]
 [-5.54782646e-13  1.79416204e-11  1.00000000e+00]]

Rotation angles applied (deg):
[np.float64(0.0), np.float64(0.0), np.float64(0.0)]

After transformation:
New principal axes (should be ~identity):
[[ 1.00000000e+00 -8.25781435e-12  5.54782646e-13]
 [ 8.25781435e-12  1.00000000e+00 -1.79416065e-11]
 [-5.54782646e-13  1.79416204e-11  1.00000000e+00]]

Alignment error (||R - I||): 2.794e-11
✔ Mesh successfully aligned with principal axes.
===================================================

Plot saved to: Data/Sylvia/modified_shape_projection.png
3D HTML plot saved to: Data/Sylvia/modified_shape_3d.html
Vertices saved to: Data/Sylvia/modified_v.dat
Faces saved to: Data/Sylvia/modified_f.dat
