Plot saved to: Data/Bennu/shape_projection.png
3D HTML plot saved to: Data/Bennu/shape_3d.html
==========================
The name of the asteroid: Bennu
the considered mass is: 77930000000.0
the considered density is: 1.25

Vertices: 6146
Faces: 12288

===== Centering Mesh =====
Original center of mass: [8.94016230e-14 1.44299661e-13 6.67697851e-14]
New center of mass: [8.94016230e-14 1.44299661e-13 6.67697851e-14]
Mesh successfully recentered: center of mass is now at the origin (0, 0, 0).
=================================


===== Mesh Rescaling Report =====
Original mesh volume        : 6.163913e-02
Reference volume (M/rho)    : 6.234400e-02
Scaling factor applied      : 1.003797e+00
Rescaled mesh volume        : 6.234400e-02
volume_equivalent_diameter  : 2.459813e-01
Relative error              : 3.339e-16
=================================


===================================================
 Principal Axes Transformation Report
===================================================

Original principal axes (columns = eigenvectors):
[[ 1.00000000e+00 -1.39791449e-11 -2.18474405e-12]
 [ 1.39791449e-11  1.00000000e+00 -2.15516494e-12]
 [ 2.18474405e-12  2.15527596e-12  1.00000000e+00]]

Rotation angles applied (deg):
[np.float64(0.0), np.float64(0.0), np.float64(0.0)]

After transformation:
New principal axes (should be ~identity):
[[ 1.00000000e+00 -1.39791449e-11 -2.18474405e-12]
 [ 1.39791449e-11  1.00000000e+00 -2.15516494e-12]
 [ 2.18474405e-12  2.15527596e-12  1.00000000e+00]]

Alignment error (||R - I||): 2.024e-11
Mesh successfully aligned with principal axes.
===================================================

Plot saved to: Data/Bennu/modified_shape_projection.png
3D HTML plot saved to: Data/Bennu/modified_shape_3d.html
Vertices saved to: Data/Bennu/modified_v.dat
Faces saved to: Data/Bennu/modified_f.dat
