Plot saved to: ../Data/Apophis/shape_projection.png
3D HTML plot saved to: ../Data/Apophis/shape_3d.html

===== Centering Mesh =====
Original center of mass: [ 5.92896416e-14  5.25680586e-14 -6.05676461e-14]
New center of mass: [ 5.92896416e-14  5.25680586e-14 -6.05676461e-14]
✔ Mesh successfully recentered: center of mass is now at the origin (0, 0, 0).
=================================


===== Mesh Rescaling Report =====
Original mesh volume        : 3.034285e-02
Reference volume (M/rho)    : 3.034286e-02
Scaling factor applied      : 1.000000e+00
Rescaled mesh volume        : 3.034286e-02
Relative error              : 3.430e-16
=================================


===================================================
 Principal Axes Transformation Report
===================================================

Original principal axes (columns = eigenvectors):
[[ 1.00000000e+00 -1.68100855e-12  1.30638249e-12]
 [ 1.68100855e-12  1.00000000e+00 -4.53492799e-12]
 [-1.30638249e-12  4.53492799e-12  1.00000000e+00]]

Rotation angles applied (deg):
[np.float64(0.0), np.float64(0.0), np.float64(0.0)]

After transformation:
New principal axes (should be ~identity):
[[ 1.00000000e+00 -1.68100855e-12  1.30638249e-12]
 [ 1.68100855e-12  1.00000000e+00 -4.53492799e-12]
 [-1.30638249e-12  4.53492799e-12  1.00000000e+00]]

Alignment error (||R - I||): 7.085e-12
✔ Mesh successfully aligned with principal axes.
===================================================

Plot saved to: ../Data/Apophis/modified_shape_projection.png
3D HTML plot saved to: ../Data/Apophis/modified_shape_3d.html
Vertices saved to: ../Data/Apophis/modified_v.dat
Faces saved to: ../Data/Apophis/modified_f.dat
